## Reconciliation completed

#### ‼️ Some errors were found during the reconciliation
  
## Github
      
- Error applying change: **TeamAdded("test-repo", "engineering", Write)**
```
Team not found in directory
```
        
    

    
