## Reconciliation completed

#### ‼️ Some errors were found during the reconciliation
  
## Github

    
Errors:
        
- Failed to connect to GitHub API
      
