## Reconciliation completed

#### âœ… The reconciliation completed successfully and all changes have been applied across the services!

## Changes applied
    
### Github

- repository **test-repo** has been *added* (visibility: **public**)
- team **engineering** has been *added* to repository **test-repo** (role: **write**)
- user **alice** is now a collaborator (role: **admin**) of repository **test-repo**
    