## Reconciliation completed

#### âœ… The reconciliation completed successfully and all changes have been applied across the services!

## Changes applied
No actionable changes detected.
  