## Validation succeeded

#### âœ… The proposed configuration changes are valid!

## Configuration changes

### Directory
    
- user **Alice Smith** has been *added*
- team **engineering** has been *added*
- **alice** is now a member of team **engineering**
***

ðŸ”¸ **Please review the changes detected as they will be applied *immediately* once this PR is merged** ðŸ”¸