## Validation succeeded

#### âœ… The proposed configuration changes are valid!

## Configuration changes

No actionable changes detected.

***

ğŸ”¸ **Please review the changes detected as they will be applied *immediately* once this PR is merged** ğŸ”¸