## Validation failed

#### ‼️ Some errors were found validating the configuration files

***

Errors:

- Configuration validation failed
	- Missing required field: teams
	- Invalid repository name: contains spaces

***

For more details about the configuration files format please see the [documentation](https://github.com/cncf/clowarden).

🔺 **These errors must be addressed before this PR can be merged** 🔺