## Validation succeeded

#### âœ… The proposed configuration changes are valid!

## Configuration changes

### Directory
    
The configuration in the base reference is not valid, so I cannot check what has changed. Please review changes manually.
    
- team **old-team** has been *removed*
  
### Github
      
- user **charlie** role in repository **main-repo** has been updated to **maintain**
      
***

ðŸ”¸ **Please review the changes detected as they will be applied *immediately* once this PR is merged** ðŸ”¸