## Validation succeeded

#### âœ… The proposed configuration changes are valid!

## Configuration changes

### Github
      
- repository **new-repo** has been *added* (visibility: **public**)
- repository **existing-repo** visibility has been updated to **private**
      
***

ðŸ”¸ **Please review the changes detected as they will be applied *immediately* once this PR is merged** ðŸ”¸