## Validation succeeded

#### âœ… The proposed configuration changes are valid!

## Configuration changes

### Directory
    
- team **devops** has been *added*
	- Maintainers
		- **alice**
		- **bob**
	- Members
		- **charlie**
		- **dave**
		- **eve**
***

ğŸ”¸ **Please review the changes detected as they will be applied *immediately* once this PR is merged** ğŸ”¸